// Jest Snapshot v1, https://goo.gl/fbAQLP

exports[`<Button /> Should call props.onClick when the button is clicked 1`] = `
<button>
  Click me!
</button>
`;
